border_size=1
usage=map

Gs^Fmf      , Hh^Fmf      , Hh^Fmf      , Hh^Fp       , Hh^Fmf      , Gs^Fdf      , Gs^Fmf      , Gs^Fdf      , Ggf         , Rr          , Gg          , Gs^Fmf      , Gs^Fds      , Gs^Fmf      , Gs^Fmf      , Gs^Fmf      , Gs^Fds      , Gs^Fmf      , Gs^Fms      , Gs^Fdf      , Gs^Fdf      , Gs^Fdf      , Re          , Gs^Fms      , Gs^Fms      , Ww          , Ww          , Ww          , Ww          , Gs^Fmf      , Gs^Fms      , Gs^Fms      , Gs^Fmf      , Gs^Fmf      , Gs^Fms      , Gs^Fms      , Gs^Fmf      , Gs^Fmf      , Gs^Fds      , Gs^Fmf      , Gs^Fmf      , Re          , Gs^Fmf      , Gs^Fmf      , Gs^Fds      , Gs^Fmf      , Gs^Fmf      
Hh^Fms      , Hh^Fdf      , Hh^Fdf      , Hh^Fp       , Hh^Fmf      , Re^Uf       , Gs^Fdf      , Gs^Fms      , Ggf         , Rr          , Ggf         , Ggf         , Gs^Fmf      , Gs^Fdf      , Gs^Fdf      , Gs^Fmf      , Gs^Fmf      , Re^Uf       , Re^Uf       , Gs^Fdf      , Gs^Fmf      , Gs^Fds      , Re          , Gs^Fms      , Gs^Fdf      , Gs^Fmf      , Gs^Fp       , Ww          , Ww          , Gs^Fms      , Gs^Fms      , Gs^Fms      , Re^Uf       , Gs^Fdf      , Gs^Fmf      , Gs^Fms      , Gs^Fms      , Re^Uf       , Gs^Fmf      , Gs^Fp       , Re          , Re          , Gs^Fmf      , Gs^Fmf      , Gs^Fms      , Gs^Fmf      , Gs^Fms      
Hh^Fdf      , Hh^Fmf      , Gs^Fms      , Hh^Fmf      , Hh^Fmf      , Gs^Fmf      , Gs^Fmf      , Gg^Vh       , Gg          , Rr          , Rr          , Ggf         , Gg          , Gs^Fds      , Gs^Fds      , Gs^Fmf      , Gs^Fdf      , Gs^Fmf      , Gs^Fds      , Gs^Fp       , Re^Uf       , Gs^Fds      , Gs^Fdf      , Re          , Gs^Fms      , Gs^Fds      , Gs^Fdf      , Ww          , Ww          , Ww          , Gs^Fds      , Gs^Fds      , Gs^Fdf      , Gs^Fmf      , Re          , Re          , Re          , Gs^Fp       , Re          , Gs^Fmf      , Re          , Gs^Fds      , Gs^Fdf      , Gs^Fms      , Gs^Fmf      , Gs^Fms      , Gs^Fmf      
Hh^Fp       , Hh^Fdf      , Hh^Fdf      , Hh^Fmf      , Hh^Fmf      , Gs^Fms      , Gs^Fdf      , Gs^Fmf      , Gs^Fdf      , Gg          , Ggf         , Rr          , Rr          , Gg          , Gg          , Gs^Fmf      , Gg          , Gg          , Gg          , Gs^Fms      , Gs^Fmf      , Gs^Fmf      , Gs^Fms      , Re          , Gs^Fdf      , Gs^Fms      , Gs^Fms      , Gs^Fms      , Gs^Fmf      , Gs^Fdf      , Gs^Fmf      , Gg^Vc       , Re          , Gs^Fdf      , Re          , Gs^Fmf      , Gs^Fms      , Re          , Gs^Fmf      , Re          , Gs^Fds      , Re          , Re          , Gs^Fdf      , Gg^Vc       , Gs^Fms      , Re          
Hh^Fp       , Hh^Fdf      , Hh^Fdf      , Hh^Fms      , Hh^Fdf      , Hh^Fmf      , Re^Uf       , Gs^Fms      , Gs^Fms      , Ggf         , Gs^Fmf      , Gg          , Gg          , Rr          , Rr          , Gg^Vh       , Rr          , Rr          , Rr          , Gg          , Gg          , Gs^Fms      , Gs^Fds      , Re          , Gs^Fdf      , Gs^Fmf      , Re^Uf       , Gs^Fdf      , Gs^Fmf      , Gs^Fds      , Gs^Fms      , Re          , Gs^Fms      , Re          , Gs^Fds      , Gs^Fmf      , Gs^Fds      , Gs^Fdf      , Gs^Fms      , Gs^Fdf      , Gs^Fmf      , Gs^Fdf      , Gs^Fdf      , Re          , Re          , Re          , Gs^Fds      
Mm          , Mm          , Mm          , Hh^Fmf      , Hh^Fdf      , Gs^Fms      , Gs^Fdf      , Gs^Fdf      , Gs^Fmf      , Gs^Fmf      , Gs^Fmf      , Gg          , Gs^Fp       , Gg          , Gg          , Rr          , Gg          , Ggf         , Ggf         , Rr          , Rr          , Gg          , Re          , Re          , Gg          , Gs^Fds      , Gs^Fdf      , Gs^Fds      , Gs^Fdf      , Gs^Fms      , Re          , Re          , Gs^Fmf      , Gs^Fms      , Gs^Fmf      , Gs^Fmf      , Gs^Fdf      , Gs^Fmf      , Gs^Fds      , Gs^Fmf      , Ce          , Gs^Fms      , Gs^Fms      , Gs^Fmf      , Gs^Fdf      , Gs^Fms      , Gs^Fdf      
Mm          , Mm          , Mm          , Mm          , Hh^Fp       , Hh^Fp       , Gs^Fmf      , Gs^Fms      , Gs^Fdf      , Gs^Fds      , Gs^Fms      , Gs^Fmf      , Gs^Fms      , Gs^Fms      , Gs^Fdf      , Gg          , Gg          , Gg          , Gg          , Ggf         , Gg          , Rr          , Rr          , Gg          , Gg          , Gg          , Gg          , Gs^Fmf      , Gs^Fds      , Re          , Gs^Fmf      , Gs^Fms      , Gs^Fdf      , Gs^Fms      , Gs^Fdf      , Gs^Fms      , Gs^Fms      , Gs^Fds      , Ggf         , 1 Ke        , Ce          , Ce          , Ggf         , Gs^Fdf      , Gs^Fms      , Gs^Fdf      , Gs^Fms      
Mm^Xm       , Mm          , Mm          , Mm          , Mm          , Hh^Fmf      , Hh^Fmf      , Hh^Vc       , Gs^Fmf      , Gs^Fds      , Gs^Fdf      , Gs^Fdf      , Gs^Fmf      , Gs^Fds      , Gs^Fdf      , Gs^Fds      , Gs^Fmf      , Ggf         , Gs^Fmf      , Gg          , Ggf         , Ggf         , Rr          , Ggf         , Ggf         , Gg          , Rr          , Ggf         , Re          , Re          , Gs^Fms      , Gs^Fms      , Gs^Fdf      , Re^Uf       , Gs^Fdf      , Gs^Fdf      , Gs^Fmf      , Ggf         , Ggf         , Ce          , Ce          , Ce          , Gg          , Gs^Fdf      , Gg^Vh       , Gs^Fms      , Gs^Fms      
Mm          , Mm          , Mm          , Mm          , Mm          , Mm          , Mm          , Hh^Fmf      , Ggf         , Gs^Fdf      , Ggf         , Ggf         , Ww          , Gs^Fdf      , Ww          , Gs^Fmf      , Ggf         , Gs^Fmf      , Gs^Fp       , Gs^Fms      , Gg          , Ggf         , Rr          , Gg^Vh       , Rr          , Rr          , Gg          , Rr          , Rr          , Gg          , Gg          , Gs^Fmf      , Gs^Fmf      , Gs^Fdf      , Gs^Fdf      , Gs^Fms      , Ggf         , Gs^Fms      , Ggf         , Gg          , Gg          , Ggf         , Ggf         , Ggf         , Rr          , Rr          , Rr          
Mm^Xm       , Mm          , Mm^Xm       , Mm          , Mm          , Mm          , Mm          , Hh^Fmf      , Ww          , Ww          , Ww          , Wwf         , Ww          , Ww          , Ww          , Ww          , Wwf         , Ww          , Ww          , Gs^Fdf      , Ww          , Gg          , Gg          , Rr          , Ggf         , Gg          , Ggf         , Gg          , Gg          , Rr          , Rr          , Gg          , Gg          , Gs^Fms      , Gg          , Gs^Fds      , Ggf         , Gg          , Rr          , Rr          , Rr          , Ggf         , Rr          , Rr          , Gs^Fmf      , Gs^Fmf      , Gs^Fdf      
Xu          , Mm^Xm       , Xu          , Mm^Xm       , Mm^Xm       , Mm          , Mm          , Hh          , Ww          , Ww          , Ww          , Cud         , Cud         , Cud         , Cud         , Ww          , Ww          , Wwf         , Ww          , Ww          , Ww          , Ggf         , Rr          , Rr          , Gg          , Ggf         , Gg          , Ggf         , Gg          , Ggf         , Gg          , Rr          , Rr          , Gg          , Gg^Vh       , Gg          , Rr          , Rr          , Gg          , Gg          , Gg          , Rr          , Gg          , Gg          , Ggf         , Gs^Fmf      , Gs^Fmf      
Xu          , Xu          , Xu          , Xu          , Xu          , Mm^Xm       , Mm          , Ww          , Cud         , Cud         , Cud         , Cud         , Re          , Re          , Re          , Cud         , Cud         , Cud         , Cud         , Ww          , Ww^Bw|      , Ww^Bw/      , Ww          , Ggf         , Gs^Fmf      , Gg          , Gg          , Gg          , Gg          , Gg          , Ggf         , Gg          , Gg          , Rr          , Rr          , Rr          , Gg^Vh       , Gg          , Ggf         , Ggf         , Ggf         , Gg          , Ggf         , Gg          , Re^Gvs      , Gs^Fms      , Gs^Fms      
Xu          , Xu          , Xu          , Xu          , Xu          , Mm^Xm       , Xu          , Cud         , Re          , Re          , Re          , Re          , Re          , Re          , Re          , Re          , Re          , Re          , Re          , Ww          , Ww^Bw/      , Ww          , Ww          , Ww          , Gs^Fms      , Gs^Fmf      , Gs^Fdf      , Gs^Fdf      , Gs^Fdf      , Ggf         , Ggf         , Gg          , Gg          , Gg^Vh       , Gg          , Re          , Gg          , Ggf         , Gg          , Gg          , Re^Gvs      , Re^Gvs      , Re^Gvs      , Re^Gvs      , Re^Gvs      , Re^Gvs      , Re^Gvs      
Xu          , Xu          , Xu          , Xu          , Ur          , Xu          , Xu          , Re          , Re          , Re          , Re          , Re          , Re          , Re          , Re          , Re          , Re          , Re          , Rr          , Rr          , Re          , Cud         , Ww          , Ww          , Ww          , Gs^Fmf      , Gs^Fmf      , Gs^Fms      , Gs^Fds      , Gs^Fdf      , Gs^Fmf      , Gg          , Ggf         , Ggf         , Re^Gvs      , Re          , Re          , Gg^Wm       , Re^Gvs      , Re^Gvs      , Ggf         , Ggf         , Ggf         , Re^Gvs      , Re^Gvs      , Re^Gvs      , Re^Gvs      
Xu          , Xu          , Xu          , Xu          , Xu          , Ur^Xo       , Ur          , Re          , Re          , Re          , Re          , Re          , Re          , Re          , Re          , Re          , Rr          , Rr          , Re          , Re          , Re          , Cud         , Cud         , Ww          , Wwf         , Ggf         , Re          , Gs^Fdf      , Gs^Fds      , Gs^Fmf      , Gs^Fms      , Gs^Fdf      , Re^Gvs      , Re^Gvs      , Ggf         , Re^Gvs      , Re^Gvs      , Re          , Re          , Re^Gvs      , Re^Gvs      , Ggf         , Re^Gvs      , Re^Gvs      , Re          , Re          , Re          
Xu          , Xu          , Xu          , Xu          , Ur^Xo       , Ur          , Ur          , Re          , Re          , Re          , Re          , Re          , Re          , Re          , Rr          , Rr          , Re          , Re          , Re          , Re          , Re          , Re          , Cud         , Wwf         , Ww          , Gs^Fms      , Ggf         , Gs^Fmf      , Gs^Fmf      , Gs^Fdf      , Gs^Fmf      , Gs^Fmf      , Re^Gvs      , Ggf         , Ggf         , Ggf         , Re^Gvs      , Re^Gvs      , Re          , Gs^Fmf      , Gs^Fms      , Re^Gvs      , Re          , Re          , Re^Gvs      , Re^Gvs      , Re^Gvs      
Xu          , Xu          , Xu          , Ur          , Xu          , Ss          , Ur          , Xu          , Cud         , Cud         , Cud         , Re          , Rr          , Rr          , Re          , Re          , Re          , Re          , Re          , Re          , Re          , Re          , Cud         , Ww          , Ww          , Ww          , Ggf         , Gs^Fdf      , Re          , Gs^Fms      , Gs^Fmf      , Gs^Fms      , Gs^Fdf      , Re^Gvs      , Re^Gvs      , Re^Gvs      , Re          , Re          , Re^Gvs      , Re          , Re          , Re          , Re^Gvs      , Re^Gvs      , Ggf         , Ggf         , Ggf         
Xu          , Xu          , Xu          , Xu          , Ur^Xo       , Ur          , Ur          , Xu          , Cud         , 2 Kh        , Cud         , Rr          , Re          , Re          , Re          , Re          , Re          , Re          , Re          , Re          , Re          , Re          , Cud         , Ww          , Wwf         , Gs^Fmf      , Gs^Fms      , Re          , Gs^Fdf      , Re          , Ggf         , Gs^Fms      , Re          , Gs^Fdf      , Re          , Re          , Re^Gvs      , Re^Gvs      , Ggf         , Re^Gvs      , Re^Gvs      , Re          , Re          , Re^Gvs      , Re^Gvs      , Ggf         , Ggf         
Xu          , Xu          , Xu          , Ur          , Xu          , Ww          , Ur          , Xu          , Xu          , Cud         , Cud         , Re          , Re          , Re          , Re          , Re          , Re          , Re          , Re          , Re          , Re          , Re          , Cud         , Cud         , Ww          , Ww          , Hh          , Hh^Fdf      , Hh^Fdf      , Re^Uf       , Gs^Fds      , Re          , Gs^Fdf      , Re          , Re          , Re^Gvs      , Re^Gvs      , Ggf         , Ggf         , Ggf         , Ggf         , Re^Gvs      , Re^Gvs      , Re          , Re          , Re^Gvs      , Re^Gvs      
Xu          , Xu          , Xu          , Xu          , Ur^Xo       , Ur          , Ur          , Ur          , Re^Uf       , Xu          , Xu          , Re          , Re          , Re          , Re          , Re          , Xu          , Xu          , Xu          , Re          , Re          , Re          , Gs^Fp       , Cud         , Mm^Xm       , Mm          , Mm          , Mm          , Mm          , Hh^Vc       , Gs^Fdf      , Re^Uf       , Gs^Fdf      , Gs^Fdf      , Gs^Fdf      , Re          , Re          , Re^Gvs      , Re^Gvs      , Ggf         , Re^Gvs      , Re^Gvs      , Gs^Fms      , Gg^Vh       , Re          , Re          , Re          
Xu          , Xu          , Xu          , Ur          , Xu          , Xu          , Ur^Xo       , Ur          , Ur          , Re^Uf       , Ur          , Ur          , Ur          , Xu          , Ur          , Ur          , Ur          , Ww          , Ur          , Ur          , Ss          , Xu          , Xu          , Xu          , Xu          , Mm^Xm       , Mm^Xm       , Mm          , Mm          , Hh          , Re^Uf       , Gs^Fdf      , Gs^Fms      , Gs^Fmf      , Gs^Fds      , Gs^Fms      , Gs^Fmf      , Re          , Re          , Re^Gvs      , Re          , Re          , Re          , Re          , Re^Gvs      , Re^Gvs      , Re^Gvs      
Xu          , Xu          , Xu          , Xu          , Xu          , Ur          , Xu          , Xu          , Ur^Xo       , Ur          , Ur          , Ur          , Ur          , Ur          , Xu          , Gs^Fp       , Ur          , Ur          , Ur          , Ur          , Ur^Xo       , Xu          , Xu          , Xu          , Xu          , Xu          , Mm^Xm       , Mm          , Mm          , Mm          , Hh^Fdf      , Gs^Fmf      , Gs^Fdf      , Gs^Fmf      , Gs^Fds      , Gs^Fmf      , Gs^Fmf      , Gs^Fdf      , Gs^Fms      , Re          , Re          , Gs^Fdf      , Re^Gvs      , Re^Gvs      , Ggf         , Ggf         , Re^Gvs      
Xu          , Xu          , Xu          , Xu          , Xu          , Xu          , Xu          , Ur          , Xu          , Xu          , Ur^Xo       , Xu          , Ur^Xo       , Ur          , Ur          , Ur          , Ur^Xo       , Xu          , Ur^Xo       , Xu          , Xu          , Ur          , Xu          , Xu          , Xu          , Xu          , Mm^Xm       , Mm          , Mm          , Mm          , Hh          , Re^Uf       , Re^Uf       , Gs^Fmf      , Gs^Fmf      , Gs^Fmf      , Gs^Fdf      , Gs^Fmf      , Gs^Fdf      , Gs^Fmf      , Gs^Fdf      , Re          , Re          , Re^Gvs      , Re^Gvs      , Re^Gvs      , Gs^Fms      
Xu          , Xu          , Xu          , Xu          , Xu          , Xu          , Xu          , Xu          , Xu          , Ur          , Xu          , Xu          , Ur          , Xu          , Ur          , Xu          , Ur          , Xu          , Xu          , Ur          , Xu          , Xu          , Xu          , Xu          , Xu          , Xu          , Mm^Xm       , Mm          , Mm          , Mm          , Mm          , Hh^Fdf      , Gs^Fms      , Gs^Fms      , Gs^Fmf      , Ggf         , Gs^Fdf      , Gs^Fmf      , Gs^Fms      , Gs^Fdf      , Gs^Fmf      , Re          , Re^Gvs      , Re          , Re          , Gs^Fmf      , Gs^Fmf      
Xu          , Xu          , Xu          , Xu          , Xu          , Xu          , Xu          , Xu          , Xu          , Xu          , Xu          , Xu          , Xu          , Xu          , Xu          , Xu          , Xu          , Xu          , Xu          , Xu          , Xu          , Xu          , Xu          , Xu          , Xu          , Xu          , Xu          , Mm^Xm       , Mm          , Mm          , Hh          , Gs^Fdf      , Gs^Fmf      , Re^Uf       , Gs^Fdf      , Gs^Fmf      , Gs^Fds      , Gs^Fdf      , Re          , Gs^Fdf      , Re          , Re          , Gs^Fms      , Gg^Vh       , Gs^Fmf      , Re          , Re          
Xu          , Xu          , Xu          , Xu          , Xu          , Xu          , Xu          , Xu          , Xu          , Xu          , Xu          , Xu          , Xu          , Xu          , Xu          , Xu          , Xu          , Xu          , Xu          , Xu          , Xu          , Xu          , Xu          , Xu          , Xu          , Xu          , Xu          , Mm^Xm       , Mm          , Mm          , Mm          , Mm          , Hh          , Hh^Fdf      , Re^Uf       , Gs^Fmf      , Gs^Fmf      , Re          , Gs^Fdf      , Re          , Gs^Fds      , Gs^Fmf      , Gs^Fms      , Gs^Fmf      , Gs^Fms      , Gs^Fdf      , Gs^Fdf      
Xu          , Xu          , Xu          , Xu          , Xu          , Xu          , Xu          , Xu          , Xu          , Xu          , Xu          , Xu          , Xu          , Xu          , Xu          , Xu          , Xu          , Xu          , Xu          , Xu          , Xu          , Xu          , Xu          , Xu          , Xu          , Xu          , Xu          , Mm^Xm       , Mm^Xm       , Mm          , Mm          , Mm          , Mm          , Hh^Fdf      , Gs^Fmf      , Gs^Fdf      , Gs^Fdf      , Re          , Gs^Fmf      , Gs^Fdf      , Gs^Fmf      , Gs^Fmf      , Gs^Fmf      , Gs^Fms      , Gs^Fms      , Gs^Fdf      , Gs^Fms      
